2026-08-25 23:10:59,317 - aqt.main - INFO - installer 139854552554432 aqtinstall(aqt) v3.3.0 on Python 3.14.7 [CPython GCC 15.3.1 20260722 (Red Hat 15.3.1-1)]
2026-08-25 23:10:59,317 - aqt.helper - DEBUG - helper 139854552554432 Attempt to download checksum at https://download.qt.io/online/qtsdkrepository/linux_x64/desktop/qt6_662/Updates.xml.sha256
2026-08-25 23:11:01,549 - aqt.helper - DEBUG - helper 140049337699264 Attempt to download checksum at https://download.qt.io/online/qtsdkrepository/linux_x64/desktop/qt6_662/qt.qt6.662.gcc_64/6.6.2-0-202402121133qtbase-Linux-RHEL_8_8-GCC-Linux-RHEL_8_8-X86_64.7z.sha256
2026-08-25 23:11:01,551 - aqt.helper - DEBUG - helper 140687545166784 Attempt to download checksum at https://download.qt.io/online/qtsdkrepository/linux_x64/desktop/qt6_662/qt.qt6.662.gcc_64/6.6.2-0-202402121133qtsvg-Linux-RHEL_8_8-GCC-Linux-RHEL_8_8-X86_64.7z.sha256
2026-08-25 23:11:01,553 - aqt.helper - DEBUG - helper 140529459653568 Attempt to download checksum at https://download.qt.io/online/qtsdkrepository/linux_x64/desktop/qt6_662/qt.qt6.662.gcc_64/6.6.2-0-202402121133qttools-Linux-RHEL_8_8-GCC-Linux-RHEL_8_8-X86_64.7z.sha256
2026-08-25 23:11:01,554 - aqt.helper - DEBUG - helper 139962442591168 Attempt to download checksum at https://download.qt.io/online/qtsdkrepository/linux_x64/desktop/qt6_662/qt.qt6.662.gcc_64/6.6.2-0-202402121133qtdeclarative-Linux-RHEL_8_8-GCC-Linux-RHEL_8_8-X86_64.7z.sha256
2026-08-25 23:11:02,437 - aqt.helper - INFO - helper 140049337699264 Downloading qtbase...
2026-08-25 23:11:02,438 - aqt.helper - INFO - helper 139962442591168 Downloading qtdeclarative...
2026-08-25 23:11:02,438 - aqt.helper - INFO - helper 140529459653568 Downloading qttools...
2026-08-25 23:11:02,438 - aqt.installer - DEBUG - installer 140049337699264 Download URL: https://download.qt.io/online/qtsdkrepository/linux_x64/desktop/qt6_662/qt.qt6.662.gcc_64/6.6.2-0-202402121133qtbase-Linux-RHEL_8_8-GCC-Linux-RHEL_8_8-X86_64.7z
2026-08-25 23:11:02,438 - aqt.installer - DEBUG - installer 139962442591168 Download URL: https://download.qt.io/online/qtsdkrepository/linux_x64/desktop/qt6_662/qt.qt6.662.gcc_64/6.6.2-0-202402121133qtdeclarative-Linux-RHEL_8_8-GCC-Linux-RHEL_8_8-X86_64.7z
2026-08-25 23:11:02,438 - aqt.installer - DEBUG - installer 140529459653568 Download URL: https://download.qt.io/online/qtsdkrepository/linux_x64/desktop/qt6_662/qt.qt6.662.gcc_64/6.6.2-0-202402121133qttools-Linux-RHEL_8_8-GCC-Linux-RHEL_8_8-X86_64.7z
2026-08-25 23:11:02,453 - aqt.helper - INFO - helper 140687545166784 Downloading qtsvg...
2026-08-25 23:11:02,453 - aqt.installer - DEBUG - installer 140687545166784 Download URL: https://download.qt.io/online/qtsdkrepository/linux_x64/desktop/qt6_662/qt.qt6.662.gcc_64/6.6.2-0-202402121133qtsvg-Linux-RHEL_8_8-GCC-Linux-RHEL_8_8-X86_64.7z
2026-08-25 23:11:03,257 - aqt.helper - DEBUG - helper 140529459653568 Asked to redirect(302) to: https://qt.mirror.constant.com/online/qtsdkrepository/linux_x64/desktop/qt6_662/qt.qt6.662.gcc_64/6.6.2-0-202402121133qttools-Linux-RHEL_8_8-GCC-Linux-RHEL_8_8-X86_64.7z
2026-08-25 23:11:03,257 - aqt.helper - DEBUG - helper 139962442591168 Asked to redirect(302) to: https://qt.mirror.constant.com/online/qtsdkrepository/linux_x64/desktop/qt6_662/qt.qt6.662.gcc_64/6.6.2-0-202402121133qtdeclarative-Linux-RHEL_8_8-GCC-Linux-RHEL_8_8-X86_64.7z
2026-08-25 23:11:03,257 - aqt.helper - DEBUG - helper 140049337699264 Asked to redirect(302) to: https://qt.mirror.constant.com/online/qtsdkrepository/linux_x64/desktop/qt6_662/qt.qt6.662.gcc_64/6.6.2-0-202402121133qtbase-Linux-RHEL_8_8-GCC-Linux-RHEL_8_8-X86_64.7z
2026-08-25 23:11:03,257 - aqt.helper - DEBUG - helper 140687545166784 Asked to redirect(302) to: https://qt.mirror.constant.com/online/qtsdkrepository/linux_x64/desktop/qt6_662/qt.qt6.662.gcc_64/6.6.2-0-202402121133qtsvg-Linux-RHEL_8_8-GCC-Linux-RHEL_8_8-X86_64.7z
2026-08-25 23:11:03,257 - aqt.helper - INFO - helper 139962442591168 Redirected: qt.mirror.constant.com
2026-08-25 23:11:03,257 - aqt.helper - INFO - helper 140529459653568 Redirected: qt.mirror.constant.com
2026-08-25 23:11:03,257 - aqt.helper - INFO - helper 140049337699264 Redirected: qt.mirror.constant.com
2026-08-25 23:11:03,257 - aqt.helper - INFO - helper 140687545166784 Redirected: qt.mirror.constant.com
2026-08-25 23:11:05,025 - aqt.installer - INFO - installer 140687545166784 Finished installation of qtsvg-Linux-RHEL_8_8-GCC-Linux-RHEL_8_8-X86_64.7z in 3.47623297
2026-08-25 23:11:05,044 - aqt.helper - DEBUG - helper 140687545166784 Attempt to download checksum at https://download.qt.io/online/qtsdkrepository/linux_x64/desktop/qt6_662/qt.qt6.662.gcc_64/6.6.2-0-202402121133qttranslations-Linux-RHEL_8_8-GCC-Linux-RHEL_8_8-X86_64.7z.sha256
2026-08-25 23:11:05,918 - aqt.helper - INFO - helper 140687545166784 Downloading qttranslations...
2026-08-25 23:11:05,918 - aqt.installer - DEBUG - installer 140687545166784 Download URL: https://download.qt.io/online/qtsdkrepository/linux_x64/desktop/qt6_662/qt.qt6.662.gcc_64/6.6.2-0-202402121133qttranslations-Linux-RHEL_8_8-GCC-Linux-RHEL_8_8-X86_64.7z
2026-08-25 23:11:08,376 - aqt.helper - DEBUG - helper 140687545166784 Asked to redirect(302) to: https://qt.mirror.constant.com/online/qtsdkrepository/linux_x64/desktop/qt6_662/qt.qt6.662.gcc_64/6.6.2-0-202402121133qttranslations-Linux-RHEL_8_8-GCC-Linux-RHEL_8_8-X86_64.7z
2026-08-25 23:11:08,376 - aqt.helper - INFO - helper 140687545166784 Redirected: qt.mirror.constant.com
2026-08-25 23:11:11,033 - aqt.installer - INFO - installer 140049337699264 Finished installation of qtbase-Linux-RHEL_8_8-GCC-Linux-RHEL_8_8-X86_64.7z in 9.48723292
2026-08-25 23:11:11,058 - aqt.helper - DEBUG - helper 140049337699264 Attempt to download checksum at https://download.qt.io/online/qtsdkrepository/linux_x64/desktop/qt6_662/qt.qt6.662.gcc_64/6.6.2-0-202402121133qtwayland-Linux-RHEL_8_8-GCC-Linux-RHEL_8_8-X86_64.7z.sha256
2026-08-25 23:11:11,562 - aqt.installer - INFO - installer 140687545166784 Finished installation of qttranslations-Linux-RHEL_8_8-GCC-Linux-RHEL_8_8-X86_64.7z in 6.52022644
2026-08-25 23:11:11,586 - aqt.helper - DEBUG - helper 140687545166784 Attempt to download checksum at https://download.qt.io/online/qtsdkrepository/linux_x64/desktop/qt6_662/qt.qt6.662.gcc_64/6.6.2-0-202402121133icu-linux-Rhel7.2-x64.7z.sha256
2026-08-25 23:11:11,959 - aqt.helper - INFO - helper 140049337699264 Downloading qtwayland...
2026-08-25 23:11:11,959 - aqt.installer - DEBUG - installer 140049337699264 Download URL: https://download.qt.io/online/qtsdkrepository/linux_x64/desktop/qt6_662/qt.qt6.662.gcc_64/6.6.2-0-202402121133qtwayland-Linux-RHEL_8_8-GCC-Linux-RHEL_8_8-X86_64.7z
2026-08-25 23:11:12,284 - aqt.installer - INFO - installer 140529459653568 Finished installation of qttools-Linux-RHEL_8_8-GCC-Linux-RHEL_8_8-X86_64.7z in 10.73283479
2026-08-25 23:11:12,370 - aqt.helper - INFO - helper 140687545166784 Downloading icu...
2026-08-25 23:11:12,370 - aqt.installer - DEBUG - installer 140687545166784 Download URL: https://download.qt.io/online/qtsdkrepository/linux_x64/desktop/qt6_662/qt.qt6.662.gcc_64/6.6.2-0-202402121133icu-linux-Rhel7.2-x64.7z
2026-08-25 23:11:12,779 - aqt.helper - DEBUG - helper 140049337699264 Asked to redirect(302) to: https://qt.mirror.constant.com/online/qtsdkrepository/linux_x64/desktop/qt6_662/qt.qt6.662.gcc_64/6.6.2-0-202402121133qtwayland-Linux-RHEL_8_8-GCC-Linux-RHEL_8_8-X86_64.7z
2026-08-25 23:11:12,779 - aqt.helper - INFO - helper 140049337699264 Redirected: qt.mirror.constant.com
2026-08-25 23:11:13,393 - aqt.helper - DEBUG - helper 140687545166784 Asked to redirect(302) to: https://qt.mirror.constant.com/online/qtsdkrepository/linux_x64/desktop/qt6_662/qt.qt6.662.gcc_64/6.6.2-0-202402121133icu-linux-Rhel7.2-x64.7z
2026-08-25 23:11:13,393 - aqt.helper - INFO - helper 140687545166784 Redirected: qt.mirror.constant.com
2026-08-25 23:11:15,580 - aqt.installer - INFO - installer 140049337699264 Finished installation of qtwayland-Linux-RHEL_8_8-GCC-Linux-RHEL_8_8-X86_64.7z in 4.52299076
2026-08-25 23:11:17,427 - aqt.installer - INFO - installer 140687545166784 Finished installation of icu-linux-Rhel7.2-x64.7z in 5.84435864
2026-08-25 23:11:21,299 - aqt.installer - INFO - installer 139962442591168 Finished installation of qtdeclarative-Linux-RHEL_8_8-GCC-Linux-RHEL_8_8-X86_64.7z in 19.74730461
2026-08-25 23:11:21,436 - aqt.updater - INFO - updater 139854552554432 Patching /home/gurkirat/Qt/6.6.2/gcc_64/bin/qmake
2026-08-25 23:11:21,440 - aqt.updater - INFO - updater 139854552554432 Patching /home/gurkirat/Qt/6.6.2/gcc_64/lib/pkgconfig/Qt6Svg.pc
2026-08-25 23:11:21,441 - aqt.updater - INFO - updater 139854552554432 Patching /home/gurkirat/Qt/6.6.2/gcc_64/lib/pkgconfig/Qt6SvgWidgets.pc
2026-08-25 23:11:21,441 - aqt.updater - INFO - updater 139854552554432 Patching /home/gurkirat/Qt/6.6.2/gcc_64/lib/pkgconfig/Qt6Concurrent.pc
2026-08-25 23:11:21,441 - aqt.updater - INFO - updater 139854552554432 Patching /home/gurkirat/Qt/6.6.2/gcc_64/lib/pkgconfig/Qt6Core.pc
2026-08-25 23:11:21,441 - aqt.updater - INFO - updater 139854552554432 Patching /home/gurkirat/Qt/6.6.2/gcc_64/lib/pkgconfig/Qt6DBus.pc
2026-08-25 23:11:21,442 - aqt.updater - INFO - updater 139854552554432 Patching /home/gurkirat/Qt/6.6.2/gcc_64/lib/pkgconfig/Qt6Gui.pc
2026-08-25 23:11:21,442 - aqt.updater - INFO - updater 139854552554432 Patching /home/gurkirat/Qt/6.6.2/gcc_64/lib/pkgconfig/Qt6Network.pc
2026-08-25 23:11:21,442 - aqt.updater - INFO - updater 139854552554432 Patching /home/gurkirat/Qt/6.6.2/gcc_64/lib/pkgconfig/Qt6OpenGL.pc
2026-08-25 23:11:21,442 - aqt.updater - INFO - updater 139854552554432 Patching /home/gurkirat/Qt/6.6.2/gcc_64/lib/pkgconfig/Qt6OpenGLWidgets.pc
2026-08-25 23:11:21,442 - aqt.updater - INFO - updater 139854552554432 Patching /home/gurkirat/Qt/6.6.2/gcc_64/lib/pkgconfig/Qt6Platform.pc
2026-08-25 23:11:21,443 - aqt.updater - INFO - updater 139854552554432 Patching /home/gurkirat/Qt/6.6.2/gcc_64/lib/pkgconfig/Qt6PrintSupport.pc
2026-08-25 23:11:21,443 - aqt.updater - INFO - updater 139854552554432 Patching /home/gurkirat/Qt/6.6.2/gcc_64/lib/pkgconfig/Qt6Sql.pc
2026-08-25 23:11:21,443 - aqt.updater - INFO - updater 139854552554432 Patching /home/gurkirat/Qt/6.6.2/gcc_64/lib/pkgconfig/Qt6Test.pc
2026-08-25 23:11:21,443 - aqt.updater - INFO - updater 139854552554432 Patching /home/gurkirat/Qt/6.6.2/gcc_64/lib/pkgconfig/Qt6Widgets.pc
2026-08-25 23:11:21,443 - aqt.updater - INFO - updater 139854552554432 Patching /home/gurkirat/Qt/6.6.2/gcc_64/lib/pkgconfig/Qt6Xml.pc
2026-08-25 23:11:21,444 - aqt.updater - INFO - updater 139854552554432 Patching /home/gurkirat/Qt/6.6.2/gcc_64/lib/pkgconfig/Qt6Designer.pc
2026-08-25 23:11:21,444 - aqt.updater - INFO - updater 139854552554432 Patching /home/gurkirat/Qt/6.6.2/gcc_64/lib/pkgconfig/Qt6Help.pc
2026-08-25 23:11:21,444 - aqt.updater - INFO - updater 139854552554432 Patching /home/gurkirat/Qt/6.6.2/gcc_64/lib/pkgconfig/Qt6Linguist.pc
2026-08-25 23:11:21,444 - aqt.updater - INFO - updater 139854552554432 Patching /home/gurkirat/Qt/6.6.2/gcc_64/lib/pkgconfig/Qt6QDocCatchConversionsPrivate.pc
2026-08-25 23:11:21,444 - aqt.updater - INFO - updater 139854552554432 Patching /home/gurkirat/Qt/6.6.2/gcc_64/lib/pkgconfig/Qt6QDocCatchGeneratorsPrivate.pc
2026-08-25 23:11:21,445 - aqt.updater - INFO - updater 139854552554432 Patching /home/gurkirat/Qt/6.6.2/gcc_64/lib/pkgconfig/Qt6UiPlugin.pc
2026-08-25 23:11:21,445 - aqt.updater - INFO - updater 139854552554432 Patching /home/gurkirat/Qt/6.6.2/gcc_64/lib/pkgconfig/Qt6UiTools.pc
2026-08-25 23:11:21,445 - aqt.updater - INFO - updater 139854552554432 Patching /home/gurkirat/Qt/6.6.2/gcc_64/lib/pkgconfig/Qt6WaylandClient.pc
2026-08-25 23:11:21,445 - aqt.updater - INFO - updater 139854552554432 Patching /home/gurkirat/Qt/6.6.2/gcc_64/lib/pkgconfig/Qt6LabsAnimation.pc
2026-08-25 23:11:21,445 - aqt.updater - INFO - updater 139854552554432 Patching /home/gurkirat/Qt/6.6.2/gcc_64/lib/pkgconfig/Qt6LabsFolderListModel.pc
2026-08-25 23:11:21,446 - aqt.updater - INFO - updater 139854552554432 Patching /home/gurkirat/Qt/6.6.2/gcc_64/lib/pkgconfig/Qt6LabsQmlModels.pc
2026-08-25 23:11:21,446 - aqt.updater - INFO - updater 139854552554432 Patching /home/gurkirat/Qt/6.6.2/gcc_64/lib/pkgconfig/Qt6LabsSettings.pc
2026-08-25 23:11:21,446 - aqt.updater - INFO - updater 139854552554432 Patching /home/gurkirat/Qt/6.6.2/gcc_64/lib/pkgconfig/Qt6LabsSharedImage.pc
2026-08-25 23:11:21,446 - aqt.updater - INFO - updater 139854552554432 Patching /home/gurkirat/Qt/6.6.2/gcc_64/lib/pkgconfig/Qt6LabsWavefrontMesh.pc
2026-08-25 23:11:21,446 - aqt.updater - INFO - updater 139854552554432 Patching /home/gurkirat/Qt/6.6.2/gcc_64/lib/pkgconfig/Qt6Qml.pc
2026-08-25 23:11:21,447 - aqt.updater - INFO - updater 139854552554432 Patching /home/gurkirat/Qt/6.6.2/gcc_64/lib/pkgconfig/Qt6QmlCompiler.pc
2026-08-25 23:11:21,447 - aqt.updater - INFO - updater 139854552554432 Patching /home/gurkirat/Qt/6.6.2/gcc_64/lib/pkgconfig/Qt6QmlCore.pc
2026-08-25 23:11:21,447 - aqt.updater - INFO - updater 139854552554432 Patching /home/gurkirat/Qt/6.6.2/gcc_64/lib/pkgconfig/Qt6QmlIntegration.pc
2026-08-25 23:11:21,447 - aqt.updater - INFO - updater 139854552554432 Patching /home/gurkirat/Qt/6.6.2/gcc_64/lib/pkgconfig/Qt6QmlLocalStorage.pc
2026-08-25 23:11:21,447 - aqt.updater - INFO - updater 139854552554432 Patching /home/gurkirat/Qt/6.6.2/gcc_64/lib/pkgconfig/Qt6QmlModels.pc
2026-08-25 23:11:21,448 - aqt.updater - INFO - updater 139854552554432 Patching /home/gurkirat/Qt/6.6.2/gcc_64/lib/pkgconfig/Qt6QmlWorkerScript.pc
2026-08-25 23:11:21,448 - aqt.updater - INFO - updater 139854552554432 Patching /home/gurkirat/Qt/6.6.2/gcc_64/lib/pkgconfig/Qt6QmlXmlListModel.pc
2026-08-25 23:11:21,448 - aqt.updater - INFO - updater 139854552554432 Patching /home/gurkirat/Qt/6.6.2/gcc_64/lib/pkgconfig/Qt6Quick.pc
2026-08-25 23:11:21,448 - aqt.updater - INFO - updater 139854552554432 Patching /home/gurkirat/Qt/6.6.2/gcc_64/lib/pkgconfig/Qt6QuickControls2.pc
2026-08-25 23:11:21,448 - aqt.updater - INFO - updater 139854552554432 Patching /home/gurkirat/Qt/6.6.2/gcc_64/lib/pkgconfig/Qt6QuickControls2Impl.pc
2026-08-25 23:11:21,449 - aqt.updater - INFO - updater 139854552554432 Patching /home/gurkirat/Qt/6.6.2/gcc_64/lib/pkgconfig/Qt6QuickDialogs2.pc
2026-08-25 23:11:21,449 - aqt.updater - INFO - updater 139854552554432 Patching /home/gurkirat/Qt/6.6.2/gcc_64/lib/pkgconfig/Qt6QuickDialogs2QuickImpl.pc
2026-08-25 23:11:21,449 - aqt.updater - INFO - updater 139854552554432 Patching /home/gurkirat/Qt/6.6.2/gcc_64/lib/pkgconfig/Qt6QuickDialogs2Utils.pc
2026-08-25 23:11:21,449 - aqt.updater - INFO - updater 139854552554432 Patching /home/gurkirat/Qt/6.6.2/gcc_64/lib/pkgconfig/Qt6QuickLayouts.pc
2026-08-25 23:11:21,449 - aqt.updater - INFO - updater 139854552554432 Patching /home/gurkirat/Qt/6.6.2/gcc_64/lib/pkgconfig/Qt6QuickTemplates2.pc
2026-08-25 23:11:21,450 - aqt.updater - INFO - updater 139854552554432 Patching /home/gurkirat/Qt/6.6.2/gcc_64/lib/pkgconfig/Qt6QuickTest.pc
2026-08-25 23:11:21,450 - aqt.updater - INFO - updater 139854552554432 Patching /home/gurkirat/Qt/6.6.2/gcc_64/lib/pkgconfig/Qt6QuickWidgets.pc
2026-08-25 23:11:21,451 - aqt.updater - INFO - updater 139854552554432 Patching /home/gurkirat/Qt/6.6.2/gcc_64/lib/libQt6Svg.prl
2026-08-25 23:11:21,451 - aqt.updater - INFO - updater 139854552554432 Patching /home/gurkirat/Qt/6.6.2/gcc_64/lib/libQt6SvgWidgets.prl
2026-08-25 23:11:21,451 - aqt.updater - INFO - updater 139854552554432 Patching /home/gurkirat/Qt/6.6.2/gcc_64/lib/libQt6Concurrent.prl
2026-08-25 23:11:21,451 - aqt.updater - INFO - updater 139854552554432 Patching /home/gurkirat/Qt/6.6.2/gcc_64/lib/libQt6Core.prl
2026-08-25 23:11:21,452 - aqt.updater - INFO - updater 139854552554432 Patching /home/gurkirat/Qt/6.6.2/gcc_64/lib/libQt6DBus.prl
2026-08-25 23:11:21,452 - aqt.updater - INFO - updater 139854552554432 Patching /home/gurkirat/Qt/6.6.2/gcc_64/lib/libQt6DeviceDiscoverySupport.prl
2026-08-25 23:11:21,452 - aqt.updater - INFO - updater 139854552554432 Patching /home/gurkirat/Qt/6.6.2/gcc_64/lib/libQt6EglFSDeviceIntegration.prl
2026-08-25 23:11:21,452 - aqt.updater - INFO - updater 139854552554432 Patching /home/gurkirat/Qt/6.6.2/gcc_64/lib/libQt6EglFsKmsSupport.prl
2026-08-25 23:11:21,453 - aqt.updater - INFO - updater 139854552554432 Patching /home/gurkirat/Qt/6.6.2/gcc_64/lib/libQt6ExampleIcons.prl
2026-08-25 23:11:21,453 - aqt.updater - INFO - updater 139854552554432 Patching /home/gurkirat/Qt/6.6.2/gcc_64/lib/libQt6FbSupport.prl
2026-08-25 23:11:21,453 - aqt.updater - INFO - updater 139854552554432 Patching /home/gurkirat/Qt/6.6.2/gcc_64/lib/libQt6Gui.prl
2026-08-25 23:11:21,453 - aqt.updater - INFO - updater 139854552554432 Patching /home/gurkirat/Qt/6.6.2/gcc_64/lib/libQt6InputSupport.prl
2026-08-25 23:11:21,453 - aqt.updater - INFO - updater 139854552554432 Patching /home/gurkirat/Qt/6.6.2/gcc_64/lib/libQt6KmsSupport.prl
2026-08-25 23:11:21,454 - aqt.updater - INFO - updater 139854552554432 Patching /home/gurkirat/Qt/6.6.2/gcc_64/lib/libQt6Network.prl
2026-08-25 23:11:21,454 - aqt.updater - INFO - updater 139854552554432 Patching /home/gurkirat/Qt/6.6.2/gcc_64/lib/libQt6OpenGL.prl
2026-08-25 23:11:21,454 - aqt.updater - INFO - updater 139854552554432 Patching /home/gurkirat/Qt/6.6.2/gcc_64/lib/libQt6OpenGLWidgets.prl
2026-08-25 23:11:21,454 - aqt.updater - INFO - updater 139854552554432 Patching /home/gurkirat/Qt/6.6.2/gcc_64/lib/libQt6PrintSupport.prl
2026-08-25 23:11:21,454 - aqt.updater - INFO - updater 139854552554432 Patching /home/gurkirat/Qt/6.6.2/gcc_64/lib/libQt6Sql.prl
2026-08-25 23:11:21,455 - aqt.updater - INFO - updater 139854552554432 Patching /home/gurkirat/Qt/6.6.2/gcc_64/lib/libQt6Test.prl
2026-08-25 23:11:21,455 - aqt.updater - INFO - updater 139854552554432 Patching /home/gurkirat/Qt/6.6.2/gcc_64/lib/libQt6Widgets.prl
2026-08-25 23:11:21,455 - aqt.updater - INFO - updater 139854552554432 Patching /home/gurkirat/Qt/6.6.2/gcc_64/lib/libQt6XcbQpa.prl
2026-08-25 23:11:21,455 - aqt.updater - INFO - updater 139854552554432 Patching /home/gurkirat/Qt/6.6.2/gcc_64/lib/libQt6Xml.prl
2026-08-25 23:11:21,455 - aqt.updater - INFO - updater 139854552554432 Patching /home/gurkirat/Qt/6.6.2/gcc_64/lib/libQt6Designer.prl
2026-08-25 23:11:21,456 - aqt.updater - INFO - updater 139854552554432 Patching /home/gurkirat/Qt/6.6.2/gcc_64/lib/libQt6DesignerComponents.prl
2026-08-25 23:11:21,456 - aqt.updater - INFO - updater 139854552554432 Patching /home/gurkirat/Qt/6.6.2/gcc_64/lib/libQt6Help.prl
2026-08-25 23:11:21,456 - aqt.updater - INFO - updater 139854552554432 Patching /home/gurkirat/Qt/6.6.2/gcc_64/lib/libQt6UiTools.prl
2026-08-25 23:11:21,456 - aqt.updater - INFO - updater 139854552554432 Patching /home/gurkirat/Qt/6.6.2/gcc_64/lib/libQt6LabsAnimation.prl
2026-08-25 23:11:21,456 - aqt.updater - INFO - updater 139854552554432 Patching /home/gurkirat/Qt/6.6.2/gcc_64/lib/libQt6LabsFolderListModel.prl
2026-08-25 23:11:21,456 - aqt.updater - INFO - updater 139854552554432 Patching /home/gurkirat/Qt/6.6.2/gcc_64/lib/libQt6LabsQmlModels.prl
2026-08-25 23:11:21,457 - aqt.updater - INFO - updater 139854552554432 Patching /home/gurkirat/Qt/6.6.2/gcc_64/lib/libQt6LabsSettings.prl
2026-08-25 23:11:21,457 - aqt.updater - INFO - updater 139854552554432 Patching /home/gurkirat/Qt/6.6.2/gcc_64/lib/libQt6LabsSharedImage.prl
2026-08-25 23:11:21,457 - aqt.updater - INFO - updater 139854552554432 Patching /home/gurkirat/Qt/6.6.2/gcc_64/lib/libQt6LabsWavefrontMesh.prl
2026-08-25 23:11:21,457 - aqt.updater - INFO - updater 139854552554432 Patching /home/gurkirat/Qt/6.6.2/gcc_64/lib/libQt6PacketProtocol.prl
2026-08-25 23:11:21,457 - aqt.updater - INFO - updater 139854552554432 Patching /home/gurkirat/Qt/6.6.2/gcc_64/lib/libQt6Qml.prl
2026-08-25 23:11:21,458 - aqt.updater - INFO - updater 139854552554432 Patching /home/gurkirat/Qt/6.6.2/gcc_64/lib/libQt6QmlCompiler.prl
2026-08-25 23:11:21,458 - aqt.updater - INFO - updater 139854552554432 Patching /home/gurkirat/Qt/6.6.2/gcc_64/lib/libQt6QmlCore.prl
2026-08-25 23:11:21,458 - aqt.updater - INFO - updater 139854552554432 Patching /home/gurkirat/Qt/6.6.2/gcc_64/lib/libQt6WaylandClient.prl
2026-08-25 23:11:21,458 - aqt.updater - INFO - updater 139854552554432 Patching /home/gurkirat/Qt/6.6.2/gcc_64/lib/libQt6WaylandEglClientHwIntegration.prl
2026-08-25 23:11:21,458 - aqt.updater - INFO - updater 139854552554432 Patching /home/gurkirat/Qt/6.6.2/gcc_64/lib/libQt6WlShellIntegration.prl
2026-08-25 23:11:21,458 - aqt.updater - INFO - updater 139854552554432 Patching /home/gurkirat/Qt/6.6.2/gcc_64/lib/libQt6QmlDebug.prl
2026-08-25 23:11:21,459 - aqt.updater - INFO - updater 139854552554432 Patching /home/gurkirat/Qt/6.6.2/gcc_64/lib/libQt6QmlDom.prl
2026-08-25 23:11:21,459 - aqt.updater - INFO - updater 139854552554432 Patching /home/gurkirat/Qt/6.6.2/gcc_64/lib/libQt6QmlLS.prl
2026-08-25 23:11:21,459 - aqt.updater - INFO - updater 139854552554432 Patching /home/gurkirat/Qt/6.6.2/gcc_64/lib/libQt6QmlLocalStorage.prl
2026-08-25 23:11:21,459 - aqt.updater - INFO - updater 139854552554432 Patching /home/gurkirat/Qt/6.6.2/gcc_64/lib/libQt6QmlModels.prl
2026-08-25 23:11:21,459 - aqt.updater - INFO - updater 139854552554432 Patching /home/gurkirat/Qt/6.6.2/gcc_64/lib/libQt6QmlToolingSettings.prl
2026-08-25 23:11:21,460 - aqt.updater - INFO - updater 139854552554432 Patching /home/gurkirat/Qt/6.6.2/gcc_64/lib/libQt6QmlTypeRegistrar.prl
2026-08-25 23:11:21,460 - aqt.updater - INFO - updater 139854552554432 Patching /home/gurkirat/Qt/6.6.2/gcc_64/lib/libQt6QmlWorkerScript.prl
2026-08-25 23:11:21,460 - aqt.updater - INFO - updater 139854552554432 Patching /home/gurkirat/Qt/6.6.2/gcc_64/lib/libQt6QmlXmlListModel.prl
2026-08-25 23:11:21,460 - aqt.updater - INFO - updater 139854552554432 Patching /home/gurkirat/Qt/6.6.2/gcc_64/lib/libQt6Quick.prl
2026-08-25 23:11:21,460 - aqt.updater - INFO - updater 139854552554432 Patching /home/gurkirat/Qt/6.6.2/gcc_64/lib/libQt6QuickControls2.prl
2026-08-25 23:11:21,460 - aqt.updater - INFO - updater 139854552554432 Patching /home/gurkirat/Qt/6.6.2/gcc_64/lib/libQt6QuickControls2Impl.prl
2026-08-25 23:11:21,460 - aqt.updater - INFO - updater 139854552554432 Patching /home/gurkirat/Qt/6.6.2/gcc_64/lib/libQt6QuickControlsTestUtils.prl
2026-08-25 23:11:21,461 - aqt.updater - INFO - updater 139854552554432 Patching /home/gurkirat/Qt/6.6.2/gcc_64/lib/libQt6QuickDialogs2.prl
2026-08-25 23:11:21,461 - aqt.updater - INFO - updater 139854552554432 Patching /home/gurkirat/Qt/6.6.2/gcc_64/lib/libQt6QuickDialogs2QuickImpl.prl
2026-08-25 23:11:21,461 - aqt.updater - INFO - updater 139854552554432 Patching /home/gurkirat/Qt/6.6.2/gcc_64/lib/libQt6QuickDialogs2Utils.prl
2026-08-25 23:11:21,461 - aqt.updater - INFO - updater 139854552554432 Patching /home/gurkirat/Qt/6.6.2/gcc_64/lib/libQt6QuickEffects.prl
2026-08-25 23:11:21,461 - aqt.updater - INFO - updater 139854552554432 Patching /home/gurkirat/Qt/6.6.2/gcc_64/lib/libQt6QuickLayouts.prl
2026-08-25 23:11:21,461 - aqt.updater - INFO - updater 139854552554432 Patching /home/gurkirat/Qt/6.6.2/gcc_64/lib/libQt6QuickParticles.prl
2026-08-25 23:11:21,462 - aqt.updater - INFO - updater 139854552554432 Patching /home/gurkirat/Qt/6.6.2/gcc_64/lib/libQt6QuickShapes.prl
2026-08-25 23:11:21,462 - aqt.updater - INFO - updater 139854552554432 Patching /home/gurkirat/Qt/6.6.2/gcc_64/lib/libQt6QuickTemplates2.prl
2026-08-25 23:11:21,462 - aqt.updater - INFO - updater 139854552554432 Patching /home/gurkirat/Qt/6.6.2/gcc_64/lib/libQt6QuickTest.prl
2026-08-25 23:11:21,462 - aqt.updater - INFO - updater 139854552554432 Patching /home/gurkirat/Qt/6.6.2/gcc_64/lib/libQt6QuickTestUtils.prl
2026-08-25 23:11:21,462 - aqt.updater - INFO - updater 139854552554432 Patching /home/gurkirat/Qt/6.6.2/gcc_64/lib/libQt6QuickWidgets.prl
2026-08-25 23:11:21,463 - aqt.main - INFO - installer 139854552554432 Finished installation
2026-08-25 23:11:21,463 - aqt.main - INFO - installer 139854552554432 Time elapsed: 22.14607399 second
2026-08-29 18:31:58,817 - aqt.main - INFO - installer 139703452294080 aqtinstall(aqt) v3.3.0 on Python 3.14.7 [CPython GCC 15.3.1 20260722 (Red Hat 15.3.1-1)]
2026-08-29 18:31:58,818 - aqt.helper - DEBUG - helper 139703452294080 Attempt to download checksum at https://download.qt.io/online/qtsdkrepository/linux_x64/desktop/qt6_662/Updates.xml.sha256
2026-08-29 18:32:01,755 - aqt.helper - DEBUG - helper 140195908275136 Attempt to download checksum at https://download.qt.io/online/qtsdkrepository/linux_x64/desktop/qt6_662/qt.qt6.662.addons.qtmultimedia.gcc_64/6.6.2-0-202402121133qtmultimedia-Linux-RHEL_8_8-GCC-Linux-RHEL_8_8-X86_64.7z.sha256
2026-08-29 18:32:01,757 - aqt.helper - DEBUG - helper 140082888133568 Attempt to download checksum at https://download.qt.io/online/qtsdkrepository/linux_x64/desktop/qt6_662/qt.qt6.662.gcc_64/6.6.2-0-202402121133qtbase-Linux-RHEL_8_8-GCC-Linux-RHEL_8_8-X86_64.7z.sha256
2026-08-29 18:32:01,758 - aqt.helper - DEBUG - helper 140470117096384 Attempt to download checksum at https://download.qt.io/online/qtsdkrepository/linux_x64/desktop/qt6_662/qt.qt6.662.gcc_64/6.6.2-0-202402121133qtsvg-Linux-RHEL_8_8-GCC-Linux-RHEL_8_8-X86_64.7z.sha256
2026-08-29 18:32:01,762 - aqt.helper - DEBUG - helper 140093156350912 Attempt to download checksum at https://download.qt.io/online/qtsdkrepository/linux_x64/desktop/qt6_662/qt.qt6.662.gcc_64/6.6.2-0-202402121133qtdeclarative-Linux-RHEL_8_8-GCC-Linux-RHEL_8_8-X86_64.7z.sha256
2026-08-29 18:32:04,174 - aqt.helper - INFO - helper 140082888133568 Downloading qtbase...
2026-08-29 18:32:04,174 - aqt.installer - DEBUG - installer 140082888133568 Download URL: https://download.qt.io/online/qtsdkrepository/linux_x64/desktop/qt6_662/qt.qt6.662.gcc_64/6.6.2-0-202402121133qtbase-Linux-RHEL_8_8-GCC-Linux-RHEL_8_8-X86_64.7z
2026-08-29 18:32:04,187 - aqt.helper - INFO - helper 140470117096384 Downloading qtsvg...
2026-08-29 18:32:04,187 - aqt.helper - INFO - helper 140093156350912 Downloading qtdeclarative...
2026-08-29 18:32:04,187 - aqt.installer - DEBUG - installer 140470117096384 Download URL: https://download.qt.io/online/qtsdkrepository/linux_x64/desktop/qt6_662/qt.qt6.662.gcc_64/6.6.2-0-202402121133qtsvg-Linux-RHEL_8_8-GCC-Linux-RHEL_8_8-X86_64.7z
2026-08-29 18:32:04,188 - aqt.installer - DEBUG - installer 140093156350912 Download URL: https://download.qt.io/online/qtsdkrepository/linux_x64/desktop/qt6_662/qt.qt6.662.gcc_64/6.6.2-0-202402121133qtdeclarative-Linux-RHEL_8_8-GCC-Linux-RHEL_8_8-X86_64.7z
2026-08-29 18:32:04,909 - aqt.helper - INFO - helper 140195908275136 Downloading qtmultimedia...
2026-08-29 18:32:04,910 - aqt.installer - DEBUG - installer 140195908275136 Download URL: https://download.qt.io/online/qtsdkrepository/linux_x64/desktop/qt6_662/qt.qt6.662.addons.qtmultimedia.gcc_64/6.6.2-0-202402121133qtmultimedia-Linux-RHEL_8_8-GCC-Linux-RHEL_8_8-X86_64.7z
2026-08-29 18:32:05,510 - aqt.helper - DEBUG - helper 140093156350912 Asked to redirect(302) to: https://qt.mirror.constant.com/online/qtsdkrepository/linux_x64/desktop/qt6_662/qt.qt6.662.gcc_64/6.6.2-0-202402121133qtdeclarative-Linux-RHEL_8_8-GCC-Linux-RHEL_8_8-X86_64.7z
2026-08-29 18:32:05,511 - aqt.helper - DEBUG - helper 140082888133568 Asked to redirect(302) to: https://qt.mirror.constant.com/online/qtsdkrepository/linux_x64/desktop/qt6_662/qt.qt6.662.gcc_64/6.6.2-0-202402121133qtbase-Linux-RHEL_8_8-GCC-Linux-RHEL_8_8-X86_64.7z
2026-08-29 18:32:05,511 - aqt.helper - DEBUG - helper 140470117096384 Asked to redirect(302) to: https://qt.mirror.constant.com/online/qtsdkrepository/linux_x64/desktop/qt6_662/qt.qt6.662.gcc_64/6.6.2-0-202402121133qtsvg-Linux-RHEL_8_8-GCC-Linux-RHEL_8_8-X86_64.7z
2026-08-29 18:32:05,511 - aqt.helper - INFO - helper 140093156350912 Redirected: qt.mirror.constant.com
2026-08-29 18:32:05,511 - aqt.helper - INFO - helper 140082888133568 Redirected: qt.mirror.constant.com
2026-08-29 18:32:05,511 - aqt.helper - INFO - helper 140470117096384 Redirected: qt.mirror.constant.com
2026-08-29 18:32:05,714 - aqt.helper - DEBUG - helper 140195908275136 Asked to redirect(302) to: https://qt.mirror.constant.com/online/qtsdkrepository/linux_x64/desktop/qt6_662/qt.qt6.662.addons.qtmultimedia.gcc_64/6.6.2-0-202402121133qtmultimedia-Linux-RHEL_8_8-GCC-Linux-RHEL_8_8-X86_64.7z
2026-08-29 18:32:05,714 - aqt.helper - INFO - helper 140195908275136 Redirected: qt.mirror.constant.com
2026-08-29 18:32:07,517 - aqt.installer - INFO - installer 140470117096384 Finished installation of qtsvg-Linux-RHEL_8_8-GCC-Linux-RHEL_8_8-X86_64.7z in 5.76102727
2026-08-29 18:32:07,533 - aqt.helper - DEBUG - helper 140470117096384 Attempt to download checksum at https://download.qt.io/online/qtsdkrepository/linux_x64/desktop/qt6_662/qt.qt6.662.gcc_64/6.6.2-0-202402121133qttools-Linux-RHEL_8_8-GCC-Linux-RHEL_8_8-X86_64.7z.sha256
2026-08-29 18:32:08,377 - aqt.helper - INFO - helper 140470117096384 Downloading qttools...
2026-08-29 18:32:08,377 - aqt.installer - DEBUG - installer 140470117096384 Download URL: https://download.qt.io/online/qtsdkrepository/linux_x64/desktop/qt6_662/qt.qt6.662.gcc_64/6.6.2-0-202402121133qttools-Linux-RHEL_8_8-GCC-Linux-RHEL_8_8-X86_64.7z
2026-08-29 18:32:10,322 - aqt.helper - DEBUG - helper 140470117096384 Asked to redirect(302) to: https://qt.mirror.constant.com/online/qtsdkrepository/linux_x64/desktop/qt6_662/qt.qt6.662.gcc_64/6.6.2-0-202402121133qttools-Linux-RHEL_8_8-GCC-Linux-RHEL_8_8-X86_64.7z
2026-08-29 18:32:10,322 - aqt.helper - INFO - helper 140470117096384 Redirected: qt.mirror.constant.com
2026-08-29 18:32:12,270 - aqt.installer - INFO - installer 140195908275136 Finished installation of qtmultimedia-Linux-RHEL_8_8-GCC-Linux-RHEL_8_8-X86_64.7z in 10.51692096
2026-08-29 18:32:12,285 - aqt.helper - DEBUG - helper 140195908275136 Attempt to download checksum at https://download.qt.io/online/qtsdkrepository/linux_x64/desktop/qt6_662/qt.qt6.662.gcc_64/6.6.2-0-202402121133qttranslations-Linux-RHEL_8_8-GCC-Linux-RHEL_8_8-X86_64.7z.sha256
2026-08-29 18:32:13,497 - aqt.helper - INFO - helper 140195908275136 Downloading qttranslations...
2026-08-29 18:32:13,497 - aqt.installer - DEBUG - installer 140195908275136 Download URL: https://download.qt.io/online/qtsdkrepository/linux_x64/desktop/qt6_662/qt.qt6.662.gcc_64/6.6.2-0-202402121133qttranslations-Linux-RHEL_8_8-GCC-Linux-RHEL_8_8-X86_64.7z
2026-08-29 18:32:14,479 - aqt.installer - INFO - installer 140082888133568 Finished installation of qtbase-Linux-RHEL_8_8-GCC-Linux-RHEL_8_8-X86_64.7z in 12.72407553
2026-08-29 18:32:14,510 - aqt.helper - DEBUG - helper 140082888133568 Attempt to download checksum at https://download.qt.io/online/qtsdkrepository/linux_x64/desktop/qt6_662/qt.qt6.662.gcc_64/6.6.2-0-202402121133qtwayland-Linux-RHEL_8_8-GCC-Linux-RHEL_8_8-X86_64.7z.sha256
2026-08-29 18:32:14,744 - aqt.helper - DEBUG - helper 140195908275136 Asked to redirect(302) to: https://qt.mirror.constant.com/online/qtsdkrepository/linux_x64/desktop/qt6_662/qt.qt6.662.gcc_64/6.6.2-0-202402121133qttranslations-Linux-RHEL_8_8-GCC-Linux-RHEL_8_8-X86_64.7z
2026-08-29 18:32:14,745 - aqt.helper - INFO - helper 140195908275136 Redirected: qt.mirror.constant.com
2026-08-29 18:32:16,262 - aqt.helper - INFO - helper 140082888133568 Downloading qtwayland...
2026-08-29 18:32:16,262 - aqt.installer - DEBUG - installer 140082888133568 Download URL: https://download.qt.io/online/qtsdkrepository/linux_x64/desktop/qt6_662/qt.qt6.662.gcc_64/6.6.2-0-202402121133qtwayland-Linux-RHEL_8_8-GCC-Linux-RHEL_8_8-X86_64.7z
2026-08-29 18:32:18,616 - aqt.helper - DEBUG - helper 140082888133568 Asked to redirect(302) to: https://qt.mirror.constant.com/online/qtsdkrepository/linux_x64/desktop/qt6_662/qt.qt6.662.gcc_64/6.6.2-0-202402121133qtwayland-Linux-RHEL_8_8-GCC-Linux-RHEL_8_8-X86_64.7z
2026-08-29 18:32:18,616 - aqt.helper - INFO - helper 140082888133568 Redirected: qt.mirror.constant.com
2026-08-29 18:32:19,904 - aqt.installer - INFO - installer 140470117096384 Finished installation of qttools-Linux-RHEL_8_8-GCC-Linux-RHEL_8_8-X86_64.7z in 12.37228478
2026-08-29 18:32:19,928 - aqt.helper - DEBUG - helper 140470117096384 Attempt to download checksum at https://download.qt.io/online/qtsdkrepository/linux_x64/desktop/qt6_662/qt.qt6.662.gcc_64/6.6.2-0-202402121133icu-linux-Rhel7.2-x64.7z.sha256
2026-08-29 18:32:20,698 - aqt.installer - INFO - installer 140195908275136 Finished installation of qttranslations-Linux-RHEL_8_8-GCC-Linux-RHEL_8_8-X86_64.7z in 8.41404238
2026-08-29 18:32:20,766 - aqt.helper - INFO - helper 140470117096384 Downloading icu...
2026-08-29 18:32:20,767 - aqt.installer - DEBUG - installer 140470117096384 Download URL: https://download.qt.io/online/qtsdkrepository/linux_x64/desktop/qt6_662/qt.qt6.662.gcc_64/6.6.2-0-202402121133icu-linux-Rhel7.2-x64.7z
2026-08-29 18:32:21,004 - aqt.installer - INFO - installer 140082888133568 Finished installation of qtwayland-Linux-RHEL_8_8-GCC-Linux-RHEL_8_8-X86_64.7z in 6.49586769
2026-08-29 18:32:21,893 - aqt.helper - DEBUG - helper 140470117096384 Asked to redirect(302) to: https://qt.mirror.constant.com/online/qtsdkrepository/linux_x64/desktop/qt6_662/qt.qt6.662.gcc_64/6.6.2-0-202402121133icu-linux-Rhel7.2-x64.7z
2026-08-29 18:32:21,894 - aqt.helper - INFO - helper 140470117096384 Redirected: qt.mirror.constant.com
2026-08-29 18:32:25,765 - aqt.installer - INFO - installer 140470117096384 Finished installation of icu-linux-Rhel7.2-x64.7z in 5.83893751
2026-08-29 18:32:26,736 - aqt.installer - INFO - installer 140093156350912 Finished installation of qtdeclarative-Linux-RHEL_8_8-GCC-Linux-RHEL_8_8-X86_64.7z in 24.97577840
2026-08-29 18:32:26,918 - aqt.updater - INFO - updater 139703452294080 Patching /home/gurkirat/Qt/6.6.2/gcc_64/bin/qmake
2026-08-29 18:32:26,922 - aqt.updater - INFO - updater 139703452294080 Patching /home/gurkirat/Qt/6.6.2/gcc_64/lib/pkgconfig/Qt6Svg.pc
2026-08-29 18:32:26,923 - aqt.updater - INFO - updater 139703452294080 Patching /home/gurkirat/Qt/6.6.2/gcc_64/lib/pkgconfig/Qt6SvgWidgets.pc
2026-08-29 18:32:26,923 - aqt.updater - INFO - updater 139703452294080 Patching /home/gurkirat/Qt/6.6.2/gcc_64/lib/pkgconfig/Qt6Concurrent.pc
2026-08-29 18:32:26,923 - aqt.updater - INFO - updater 139703452294080 Patching /home/gurkirat/Qt/6.6.2/gcc_64/lib/pkgconfig/Qt6Core.pc
2026-08-29 18:32:26,923 - aqt.updater - INFO - updater 139703452294080 Patching /home/gurkirat/Qt/6.6.2/gcc_64/lib/pkgconfig/Qt6DBus.pc
2026-08-29 18:32:26,923 - aqt.updater - INFO - updater 139703452294080 Patching /home/gurkirat/Qt/6.6.2/gcc_64/lib/pkgconfig/Qt6Gui.pc
2026-08-29 18:32:26,924 - aqt.updater - INFO - updater 139703452294080 Patching /home/gurkirat/Qt/6.6.2/gcc_64/lib/pkgconfig/Qt6Network.pc
2026-08-29 18:32:26,924 - aqt.updater - INFO - updater 139703452294080 Patching /home/gurkirat/Qt/6.6.2/gcc_64/lib/pkgconfig/Qt6OpenGL.pc
2026-08-29 18:32:26,924 - aqt.updater - INFO - updater 139703452294080 Patching /home/gurkirat/Qt/6.6.2/gcc_64/lib/pkgconfig/Qt6OpenGLWidgets.pc
2026-08-29 18:32:26,924 - aqt.updater - INFO - updater 139703452294080 Patching /home/gurkirat/Qt/6.6.2/gcc_64/lib/pkgconfig/Qt6Platform.pc
2026-08-29 18:32:26,924 - aqt.updater - INFO - updater 139703452294080 Patching /home/gurkirat/Qt/6.6.2/gcc_64/lib/pkgconfig/Qt6PrintSupport.pc
2026-08-29 18:32:26,925 - aqt.updater - INFO - updater 139703452294080 Patching /home/gurkirat/Qt/6.6.2/gcc_64/lib/pkgconfig/Qt6Sql.pc
2026-08-29 18:32:26,925 - aqt.updater - INFO - updater 139703452294080 Patching /home/gurkirat/Qt/6.6.2/gcc_64/lib/pkgconfig/Qt6Test.pc
2026-08-29 18:32:26,925 - aqt.updater - INFO - updater 139703452294080 Patching /home/gurkirat/Qt/6.6.2/gcc_64/lib/pkgconfig/Qt6Widgets.pc
2026-08-29 18:32:26,925 - aqt.updater - INFO - updater 139703452294080 Patching /home/gurkirat/Qt/6.6.2/gcc_64/lib/pkgconfig/Qt6Xml.pc
2026-08-29 18:32:26,925 - aqt.updater - INFO - updater 139703452294080 Patching /home/gurkirat/Qt/6.6.2/gcc_64/lib/pkgconfig/Qt6Designer.pc
2026-08-29 18:32:26,925 - aqt.updater - INFO - updater 139703452294080 Patching /home/gurkirat/Qt/6.6.2/gcc_64/lib/pkgconfig/Qt6Help.pc
2026-08-29 18:32:26,926 - aqt.updater - INFO - updater 139703452294080 Patching /home/gurkirat/Qt/6.6.2/gcc_64/lib/pkgconfig/Qt6Linguist.pc
2026-08-29 18:32:26,926 - aqt.updater - INFO - updater 139703452294080 Patching /home/gurkirat/Qt/6.6.2/gcc_64/lib/pkgconfig/Qt6QDocCatchConversionsPrivate.pc
2026-08-29 18:32:26,926 - aqt.updater - INFO - updater 139703452294080 Patching /home/gurkirat/Qt/6.6.2/gcc_64/lib/pkgconfig/Qt6QDocCatchGeneratorsPrivate.pc
2026-08-29 18:32:26,926 - aqt.updater - INFO - updater 139703452294080 Patching /home/gurkirat/Qt/6.6.2/gcc_64/lib/pkgconfig/Qt6UiPlugin.pc
2026-08-29 18:32:26,926 - aqt.updater - INFO - updater 139703452294080 Patching /home/gurkirat/Qt/6.6.2/gcc_64/lib/pkgconfig/Qt6UiTools.pc
2026-08-29 18:32:26,927 - aqt.updater - INFO - updater 139703452294080 Patching /home/gurkirat/Qt/6.6.2/gcc_64/lib/pkgconfig/Qt6WaylandClient.pc
2026-08-29 18:32:26,927 - aqt.updater - INFO - updater 139703452294080 Patching /home/gurkirat/Qt/6.6.2/gcc_64/lib/pkgconfig/Qt6LabsAnimation.pc
2026-08-29 18:32:26,927 - aqt.updater - INFO - updater 139703452294080 Patching /home/gurkirat/Qt/6.6.2/gcc_64/lib/pkgconfig/Qt6LabsFolderListModel.pc
2026-08-29 18:32:26,927 - aqt.updater - INFO - updater 139703452294080 Patching /home/gurkirat/Qt/6.6.2/gcc_64/lib/pkgconfig/Qt6LabsQmlModels.pc
2026-08-29 18:32:26,927 - aqt.updater - INFO - updater 139703452294080 Patching /home/gurkirat/Qt/6.6.2/gcc_64/lib/pkgconfig/Qt6LabsSettings.pc
2026-08-29 18:32:26,927 - aqt.updater - INFO - updater 139703452294080 Patching /home/gurkirat/Qt/6.6.2/gcc_64/lib/pkgconfig/Qt6LabsSharedImage.pc
2026-08-29 18:32:26,928 - aqt.updater - INFO - updater 139703452294080 Patching /home/gurkirat/Qt/6.6.2/gcc_64/lib/pkgconfig/Qt6LabsWavefrontMesh.pc
2026-08-29 18:32:26,928 - aqt.updater - INFO - updater 139703452294080 Patching /home/gurkirat/Qt/6.6.2/gcc_64/lib/pkgconfig/Qt6Qml.pc
2026-08-29 18:32:26,928 - aqt.updater - INFO - updater 139703452294080 Patching /home/gurkirat/Qt/6.6.2/gcc_64/lib/pkgconfig/Qt6QmlCompiler.pc
2026-08-29 18:32:26,928 - aqt.updater - INFO - updater 139703452294080 Patching /home/gurkirat/Qt/6.6.2/gcc_64/lib/pkgconfig/Qt6QmlCore.pc
2026-08-29 18:32:26,928 - aqt.updater - INFO - updater 139703452294080 Patching /home/gurkirat/Qt/6.6.2/gcc_64/lib/pkgconfig/Qt6QmlIntegration.pc
2026-08-29 18:32:26,929 - aqt.updater - INFO - updater 139703452294080 Patching /home/gurkirat/Qt/6.6.2/gcc_64/lib/pkgconfig/Qt6QmlLocalStorage.pc
2026-08-29 18:32:26,929 - aqt.updater - INFO - updater 139703452294080 Patching /home/gurkirat/Qt/6.6.2/gcc_64/lib/pkgconfig/Qt6QmlModels.pc
2026-08-29 18:32:26,929 - aqt.updater - INFO - updater 139703452294080 Patching /home/gurkirat/Qt/6.6.2/gcc_64/lib/pkgconfig/Qt6QmlWorkerScript.pc
2026-08-29 18:32:26,929 - aqt.updater - INFO - updater 139703452294080 Patching /home/gurkirat/Qt/6.6.2/gcc_64/lib/pkgconfig/Qt6QmlXmlListModel.pc
2026-08-29 18:32:26,929 - aqt.updater - INFO - updater 139703452294080 Patching /home/gurkirat/Qt/6.6.2/gcc_64/lib/pkgconfig/Qt6Quick.pc
2026-08-29 18:32:26,929 - aqt.updater - INFO - updater 139703452294080 Patching /home/gurkirat/Qt/6.6.2/gcc_64/lib/pkgconfig/Qt6QuickControls2.pc
2026-08-29 18:32:26,930 - aqt.updater - INFO - updater 139703452294080 Patching /home/gurkirat/Qt/6.6.2/gcc_64/lib/pkgconfig/Qt6QuickControls2Impl.pc
2026-08-29 18:32:26,930 - aqt.updater - INFO - updater 139703452294080 Patching /home/gurkirat/Qt/6.6.2/gcc_64/lib/pkgconfig/Qt6QuickDialogs2.pc
2026-08-29 18:32:26,930 - aqt.updater - INFO - updater 139703452294080 Patching /home/gurkirat/Qt/6.6.2/gcc_64/lib/pkgconfig/Qt6QuickDialogs2QuickImpl.pc
2026-08-29 18:32:26,930 - aqt.updater - INFO - updater 139703452294080 Patching /home/gurkirat/Qt/6.6.2/gcc_64/lib/pkgconfig/Qt6QuickDialogs2Utils.pc
2026-08-29 18:32:26,930 - aqt.updater - INFO - updater 139703452294080 Patching /home/gurkirat/Qt/6.6.2/gcc_64/lib/pkgconfig/Qt6QuickLayouts.pc
2026-08-29 18:32:26,931 - aqt.updater - INFO - updater 139703452294080 Patching /home/gurkirat/Qt/6.6.2/gcc_64/lib/pkgconfig/Qt6QuickTemplates2.pc
2026-08-29 18:32:26,931 - aqt.updater - INFO - updater 139703452294080 Patching /home/gurkirat/Qt/6.6.2/gcc_64/lib/pkgconfig/Qt6QuickTest.pc
2026-08-29 18:32:26,931 - aqt.updater - INFO - updater 139703452294080 Patching /home/gurkirat/Qt/6.6.2/gcc_64/lib/pkgconfig/Qt6QuickWidgets.pc
2026-08-29 18:32:26,931 - aqt.updater - INFO - updater 139703452294080 Patching /home/gurkirat/Qt/6.6.2/gcc_64/lib/pkgconfig/Qt6Multimedia.pc
2026-08-29 18:32:26,931 - aqt.updater - INFO - updater 139703452294080 Patching /home/gurkirat/Qt/6.6.2/gcc_64/lib/pkgconfig/Qt6MultimediaWidgets.pc
2026-08-29 18:32:26,932 - aqt.updater - INFO - updater 139703452294080 Patching /home/gurkirat/Qt/6.6.2/gcc_64/lib/pkgconfig/Qt6SpatialAudio.pc
2026-08-29 18:32:26,932 - aqt.updater - INFO - updater 139703452294080 Patching /home/gurkirat/Qt/6.6.2/gcc_64/lib/libQt6Svg.prl
2026-08-29 18:32:26,933 - aqt.updater - INFO - updater 139703452294080 Patching /home/gurkirat/Qt/6.6.2/gcc_64/lib/libQt6SvgWidgets.prl
2026-08-29 18:32:26,933 - aqt.updater - INFO - updater 139703452294080 Patching /home/gurkirat/Qt/6.6.2/gcc_64/lib/libQt6Concurrent.prl
2026-08-29 18:32:26,933 - aqt.updater - INFO - updater 139703452294080 Patching /home/gurkirat/Qt/6.6.2/gcc_64/lib/libQt6Core.prl
2026-08-29 18:32:26,933 - aqt.updater - INFO - updater 139703452294080 Patching /home/gurkirat/Qt/6.6.2/gcc_64/lib/libQt6DBus.prl
2026-08-29 18:32:26,933 - aqt.updater - INFO - updater 139703452294080 Patching /home/gurkirat/Qt/6.6.2/gcc_64/lib/libQt6DeviceDiscoverySupport.prl
2026-08-29 18:32:26,934 - aqt.updater - INFO - updater 139703452294080 Patching /home/gurkirat/Qt/6.6.2/gcc_64/lib/libQt6EglFSDeviceIntegration.prl
2026-08-29 18:32:26,934 - aqt.updater - INFO - updater 139703452294080 Patching /home/gurkirat/Qt/6.6.2/gcc_64/lib/libQt6EglFsKmsSupport.prl
2026-08-29 18:32:26,934 - aqt.updater - INFO - updater 139703452294080 Patching /home/gurkirat/Qt/6.6.2/gcc_64/lib/libQt6ExampleIcons.prl
2026-08-29 18:32:26,934 - aqt.updater - INFO - updater 139703452294080 Patching /home/gurkirat/Qt/6.6.2/gcc_64/lib/libQt6FbSupport.prl
2026-08-29 18:32:26,934 - aqt.updater - INFO - updater 139703452294080 Patching /home/gurkirat/Qt/6.6.2/gcc_64/lib/libQt6Gui.prl
2026-08-29 18:32:26,934 - aqt.updater - INFO - updater 139703452294080 Patching /home/gurkirat/Qt/6.6.2/gcc_64/lib/libQt6InputSupport.prl
2026-08-29 18:32:26,935 - aqt.updater - INFO - updater 139703452294080 Patching /home/gurkirat/Qt/6.6.2/gcc_64/lib/libQt6KmsSupport.prl
2026-08-29 18:32:26,935 - aqt.updater - INFO - updater 139703452294080 Patching /home/gurkirat/Qt/6.6.2/gcc_64/lib/libQt6Network.prl
2026-08-29 18:32:26,935 - aqt.updater - INFO - updater 139703452294080 Patching /home/gurkirat/Qt/6.6.2/gcc_64/lib/libQt6OpenGL.prl
2026-08-29 18:32:26,935 - aqt.updater - INFO - updater 139703452294080 Patching /home/gurkirat/Qt/6.6.2/gcc_64/lib/libQt6OpenGLWidgets.prl
2026-08-29 18:32:26,935 - aqt.updater - INFO - updater 139703452294080 Patching /home/gurkirat/Qt/6.6.2/gcc_64/lib/libQt6PrintSupport.prl
2026-08-29 18:32:26,936 - aqt.updater - INFO - updater 139703452294080 Patching /home/gurkirat/Qt/6.6.2/gcc_64/lib/libQt6Sql.prl
2026-08-29 18:32:26,936 - aqt.updater - INFO - updater 139703452294080 Patching /home/gurkirat/Qt/6.6.2/gcc_64/lib/libQt6Test.prl
2026-08-29 18:32:26,936 - aqt.updater - INFO - updater 139703452294080 Patching /home/gurkirat/Qt/6.6.2/gcc_64/lib/libQt6Widgets.prl
2026-08-29 18:32:26,936 - aqt.updater - INFO - updater 139703452294080 Patching /home/gurkirat/Qt/6.6.2/gcc_64/lib/libQt6XcbQpa.prl
2026-08-29 18:32:26,936 - aqt.updater - INFO - updater 139703452294080 Patching /home/gurkirat/Qt/6.6.2/gcc_64/lib/libQt6Xml.prl
2026-08-29 18:32:26,937 - aqt.updater - INFO - updater 139703452294080 Patching /home/gurkirat/Qt/6.6.2/gcc_64/lib/libQt6Designer.prl
2026-08-29 18:32:26,937 - aqt.updater - INFO - updater 139703452294080 Patching /home/gurkirat/Qt/6.6.2/gcc_64/lib/libQt6DesignerComponents.prl
2026-08-29 18:32:26,937 - aqt.updater - INFO - updater 139703452294080 Patching /home/gurkirat/Qt/6.6.2/gcc_64/lib/libQt6Help.prl
2026-08-29 18:32:26,937 - aqt.updater - INFO - updater 139703452294080 Patching /home/gurkirat/Qt/6.6.2/gcc_64/lib/libQt6UiTools.prl
2026-08-29 18:32:26,937 - aqt.updater - INFO - updater 139703452294080 Patching /home/gurkirat/Qt/6.6.2/gcc_64/lib/libQt6LabsAnimation.prl
2026-08-29 18:32:26,938 - aqt.updater - INFO - updater 139703452294080 Patching /home/gurkirat/Qt/6.6.2/gcc_64/lib/libQt6LabsFolderListModel.prl
2026-08-29 18:32:26,938 - aqt.updater - INFO - updater 139703452294080 Patching /home/gurkirat/Qt/6.6.2/gcc_64/lib/libQt6LabsQmlModels.prl
2026-08-29 18:32:26,938 - aqt.updater - INFO - updater 139703452294080 Patching /home/gurkirat/Qt/6.6.2/gcc_64/lib/libQt6LabsSettings.prl
2026-08-29 18:32:26,938 - aqt.updater - INFO - updater 139703452294080 Patching /home/gurkirat/Qt/6.6.2/gcc_64/lib/libQt6LabsSharedImage.prl
2026-08-29 18:32:26,938 - aqt.updater - INFO - updater 139703452294080 Patching /home/gurkirat/Qt/6.6.2/gcc_64/lib/libQt6LabsWavefrontMesh.prl
2026-08-29 18:32:26,939 - aqt.updater - INFO - updater 139703452294080 Patching /home/gurkirat/Qt/6.6.2/gcc_64/lib/libQt6PacketProtocol.prl
2026-08-29 18:32:26,939 - aqt.updater - INFO - updater 139703452294080 Patching /home/gurkirat/Qt/6.6.2/gcc_64/lib/libQt6Qml.prl
2026-08-29 18:32:26,939 - aqt.updater - INFO - updater 139703452294080 Patching /home/gurkirat/Qt/6.6.2/gcc_64/lib/libQt6QmlCompiler.prl
2026-08-29 18:32:26,939 - aqt.updater - INFO - updater 139703452294080 Patching /home/gurkirat/Qt/6.6.2/gcc_64/lib/libQt6QmlCore.prl
2026-08-29 18:32:26,939 - aqt.updater - INFO - updater 139703452294080 Patching /home/gurkirat/Qt/6.6.2/gcc_64/lib/libQt6WaylandClient.prl
2026-08-29 18:32:26,940 - aqt.updater - INFO - updater 139703452294080 Patching /home/gurkirat/Qt/6.6.2/gcc_64/lib/libQt6WaylandEglClientHwIntegration.prl
2026-08-29 18:32:26,940 - aqt.updater - INFO - updater 139703452294080 Patching /home/gurkirat/Qt/6.6.2/gcc_64/lib/libQt6WlShellIntegration.prl
2026-08-29 18:32:26,940 - aqt.updater - INFO - updater 139703452294080 Patching /home/gurkirat/Qt/6.6.2/gcc_64/lib/libQt6QmlDebug.prl
2026-08-29 18:32:26,940 - aqt.updater - INFO - updater 139703452294080 Patching /home/gurkirat/Qt/6.6.2/gcc_64/lib/libQt6QmlDom.prl
2026-08-29 18:32:26,940 - aqt.updater - INFO - updater 139703452294080 Patching /home/gurkirat/Qt/6.6.2/gcc_64/lib/libQt6QmlLS.prl
2026-08-29 18:32:26,940 - aqt.updater - INFO - updater 139703452294080 Patching /home/gurkirat/Qt/6.6.2/gcc_64/lib/libQt6QmlLocalStorage.prl
2026-08-29 18:32:26,941 - aqt.updater - INFO - updater 139703452294080 Patching /home/gurkirat/Qt/6.6.2/gcc_64/lib/libQt6QmlModels.prl
2026-08-29 18:32:26,941 - aqt.updater - INFO - updater 139703452294080 Patching /home/gurkirat/Qt/6.6.2/gcc_64/lib/libQt6QmlToolingSettings.prl
2026-08-29 18:32:26,941 - aqt.updater - INFO - updater 139703452294080 Patching /home/gurkirat/Qt/6.6.2/gcc_64/lib/libQt6QmlTypeRegistrar.prl
2026-08-29 18:32:26,941 - aqt.updater - INFO - updater 139703452294080 Patching /home/gurkirat/Qt/6.6.2/gcc_64/lib/libQt6QmlWorkerScript.prl
2026-08-29 18:32:26,941 - aqt.updater - INFO - updater 139703452294080 Patching /home/gurkirat/Qt/6.6.2/gcc_64/lib/libQt6QmlXmlListModel.prl
2026-08-29 18:32:26,942 - aqt.updater - INFO - updater 139703452294080 Patching /home/gurkirat/Qt/6.6.2/gcc_64/lib/libQt6Quick.prl
2026-08-29 18:32:26,942 - aqt.updater - INFO - updater 139703452294080 Patching /home/gurkirat/Qt/6.6.2/gcc_64/lib/libQt6QuickControls2.prl
2026-08-29 18:32:26,942 - aqt.updater - INFO - updater 139703452294080 Patching /home/gurkirat/Qt/6.6.2/gcc_64/lib/libQt6QuickControls2Impl.prl
2026-08-29 18:32:26,942 - aqt.updater - INFO - updater 139703452294080 Patching /home/gurkirat/Qt/6.6.2/gcc_64/lib/libQt6QuickControlsTestUtils.prl
2026-08-29 18:32:26,943 - aqt.updater - INFO - updater 139703452294080 Patching /home/gurkirat/Qt/6.6.2/gcc_64/lib/libQt6QuickDialogs2.prl
2026-08-29 18:32:26,943 - aqt.updater - INFO - updater 139703452294080 Patching /home/gurkirat/Qt/6.6.2/gcc_64/lib/libQt6QuickDialogs2QuickImpl.prl
2026-08-29 18:32:26,943 - aqt.updater - INFO - updater 139703452294080 Patching /home/gurkirat/Qt/6.6.2/gcc_64/lib/libQt6QuickDialogs2Utils.prl
2026-08-29 18:32:26,943 - aqt.updater - INFO - updater 139703452294080 Patching /home/gurkirat/Qt/6.6.2/gcc_64/lib/libQt6QuickEffects.prl
2026-08-29 18:32:26,943 - aqt.updater - INFO - updater 139703452294080 Patching /home/gurkirat/Qt/6.6.2/gcc_64/lib/libQt6QuickLayouts.prl
2026-08-29 18:32:26,944 - aqt.updater - INFO - updater 139703452294080 Patching /home/gurkirat/Qt/6.6.2/gcc_64/lib/libQt6QuickParticles.prl
2026-08-29 18:32:26,944 - aqt.updater - INFO - updater 139703452294080 Patching /home/gurkirat/Qt/6.6.2/gcc_64/lib/libQt6QuickShapes.prl
2026-08-29 18:32:26,944 - aqt.updater - INFO - updater 139703452294080 Patching /home/gurkirat/Qt/6.6.2/gcc_64/lib/libQt6QuickTemplates2.prl
2026-08-29 18:32:26,944 - aqt.updater - INFO - updater 139703452294080 Patching /home/gurkirat/Qt/6.6.2/gcc_64/lib/libQt6QuickTest.prl
2026-08-29 18:32:26,944 - aqt.updater - INFO - updater 139703452294080 Patching /home/gurkirat/Qt/6.6.2/gcc_64/lib/libQt6QuickTestUtils.prl
2026-08-29 18:32:26,945 - aqt.updater - INFO - updater 139703452294080 Patching /home/gurkirat/Qt/6.6.2/gcc_64/lib/libQt6QuickWidgets.prl
2026-08-29 18:32:26,945 - aqt.updater - INFO - updater 139703452294080 Patching /home/gurkirat/Qt/6.6.2/gcc_64/lib/libQt6Multimedia.prl
2026-08-29 18:32:26,945 - aqt.updater - INFO - updater 139703452294080 Patching /home/gurkirat/Qt/6.6.2/gcc_64/lib/libQt6MultimediaQuick.prl
2026-08-29 18:32:26,945 - aqt.updater - INFO - updater 139703452294080 Patching /home/gurkirat/Qt/6.6.2/gcc_64/lib/libQt6MultimediaWidgets.prl
2026-08-29 18:32:26,945 - aqt.updater - INFO - updater 139703452294080 Patching /home/gurkirat/Qt/6.6.2/gcc_64/lib/libQt6Quick3DSpatialAudio.prl
2026-08-29 18:32:26,946 - aqt.updater - INFO - updater 139703452294080 Patching /home/gurkirat/Qt/6.6.2/gcc_64/lib/libQt6SpatialAudio.prl
2026-08-29 18:32:26,946 - aqt.main - INFO - installer 139703452294080 Finished installation
2026-08-29 18:32:26,946 - aqt.main - INFO - installer 139703452294080 Time elapsed: 28.12852244 second
